Case #1: ok
Case #2: ok
Case #3: ok
Case #4: ok
Case #5: ok
Case #6: ok
Case #7: ok
Case #8: ok
Case #9: ok
Case #10: ok
Case #11: ok
Case #12: ok
Case #13: ok
Case #14: ok
Case #15: ok
Case #16: ok
Case #17: ok
Case #18: ok
Case #19: ok
Case #20: ok
Case #21: ok
Case #22: ok
Case #23: ok
Case #24: ok
Case #25: ok
Case #26: ok
Case #27: ok
Case #28: ok
Case #29: ok
Case #30: ok
Case #31: ok
Case #32: ok
Case #33: ok
Case #34: ok
Case #35: ok
Case #36: ok
Case #37: ok
Case #38: ok
Case #39: ok
Case #40: ok
Case #41: ok
Case #42: ok
Case #43: ok
Case #44: ok
Case #45: ok
Case #46: ok
Case #47: ok
Case #48: ok
Case #49: ok
Case #50: ok
Case #51: ok
Case #52: ok
Case #53: ok
Case #54: ok
Case #55: ok
Case #56: ok
Case #57: ok
Case #58: ok
Case #59: ok
Case #60: ok
Case #61: ok
Case #62: ok
Case #63: ok
Case #64: ok
Case #65: ok
Case #66: ok
Case #67: ok
Case #68: ok
Case #69: ok
Case #70: ok
Case #71: ok
Case #72: ok
Case #73: ok
Case #74: ok
Case #75: ok
Case #76: ok
Case #77: ok
Case #78: ok
Case #79: ok
Case #80: ok
Case #81: ok
Case #82: ok
Case #83: ok
Case #84: ok
Case #85: ok
Case #86: ok
Case #87: ok
Case #88: ok
Case #89: ok
Case #90: ok
Case #91: ok
Case #92: ok
Case #93: ok
Case #94: ok
Case #95: ok
Case #96: ok
Case #97: ok
Case #98: ok
Case #99: ok
Case #100: ok
